Γû▓ Next.js 16.1.6 (Turbopack)
- Environments: .env

node.exe : ΓÜá The 
"middleware" file 
convention is deprecated. 
Please use "proxy" 
instead. Learn more: https
://nextjs.org/docs/message
s/middleware-to-proxy
At line:1 char:1
+ & "C:\Program 
Files\nodejs/node.exe" 
"C:\Program 
Files\nodejs/node_mo ...
+ ~~~~~~~~~~~~~~~~~~~~~~~~
~~~~~~~~~~~~~~~~~~~~~~~~~~
~~~~~~~~~~~~~~~~~~~
    + CategoryInfo        
      : NotSpecified: (Γ  
  Üá The "middle...lewa   
 re-to-proxy:String) [    
], RemoteException
    + FullyQualifiedError 
   Id : NativeCommandErr  
  or
 
  Creating an optimized production build ...
Γ£ô Compiled successfully in 8.6s
  Running TypeScript ...
  Collecting page data using 11 workers ...
  Generating static pages using 11 workers (0/8) ...
  Generating static pages using 11 workers (2/8) 
  Generating static pages using 11 workers (4/8) 
  Generating static pages using 11 workers (6/8) 
Γ£ô Generating static pages using 11 workers (8/8) in 581.0ms
  Finalizing page optimization ...

Route (app)
Γöî ╞Æ /
Γö£ Γùï /_not-found
Γö£ ╞Æ /auth/callback
Γö£ ╞Æ /auth/confirm
Γö£ ╞Æ /dashboard
Γö£ ╞Æ /dashboard/accreditation
Γö£ ╞Æ /dashboard/admin
Γö£ ╞Æ /dashboard/elections
Γö£ ╞Æ /dashboard/elections/[id]
Γö£ ╞Æ /dashboard/events
Γö£ ╞Æ /dashboard/events/[id]
Γö£ ╞Æ /dashboard/memberships
Γö£ ╞Æ /dashboard/news
Γö£ ╞Æ /dashboard/news-and-events
Γö£ ╞Æ /dashboard/news/[id]
Γö£ ╞Æ /dashboard/organizations
Γö£ ╞Æ /dashboard/organizations/[id]
Γö£ ╞Æ /dashboard/organizations/[id]/members
Γö£ ╞Æ /dashboard/profile
Γö£ Γùï /forgot-password
Γö£ Γùï /login
Γö£ Γùï /reset-password
Γöö Γùï /signup


╞Æ Proxy (Middleware)

Γùï  (Static)   prerendered as static content
╞Æ  (Dynamic)  server-rendered on demand

